git安装：
上官网下载git版本进行安装
安装好后，用命令初始化：
git init
or
git init repository(新建仓库名称)


与github关联：

因为本地Git仓库和GitHub仓库之间的传输是通过SSH加密传输的，GitHub需要识别是否是你推送，GitHub只要知道了你的公钥，就可以确认只有你自己才能推送，所以需要配置ssh key。

1.创建SSH Key。

在用户主目录（C:\Users\Administrator）下，看看有没有.ssh文件，如果有，再看文件下有没有id_rsa和id_rsa.pub这两个文件，如果已经有了，可直接到下一步。如果没有，打开Git Bash，输入命令，
$ ssh-keygen -t rsa -C "123@126.com" //123 是你自己注册GitHub的邮箱
，直接回车就哦了

2.再去用户主目录里找到.ssh文件夹，里面有id_rsa和id_rsa.pub两个文件，这两个就是SSH Key的秘钥对，id_rsa是私钥，不能泄露，id_rsa.pub是公钥，可以公开。
接下来到GitHub上，打开“Account settings”--“SSH Keys”页面，然后点击“Add SSH Key”，填上Title（随意写），在Key文本框里粘贴 id_rsa.pub文件里的全部内容。

3.验证是否成功，在git bash里输入下面的命令

$ ssh -T git@github.com


4.下面开始设置username和email，因为github每次commit都会记录他们

$ git config --global user.name  "name"//你的GitHub登陆名
$ git config --global user.email "123@126.com"//你的GitHub注册邮箱


5.接下来就是把本地仓库传到github上去，之前在GitHub上建好一个新的仓库是，跳转的页面，完全按照上面的只是操作就可以了。
$ git remote add origin git@github.com:flora0103/example.git    //关联一个远程库命令， git@github.com:flora0103/example.git   这个是自己远程库
git push -u origin master    //关联后,第一次推送master分支的所有内容命令，此后，每次本地提交后，就可以使用命令git push origin master推送最新修改


6.如果出现如下问题：
error: failed to push some refs to 'git@github.com:kaykillyou/kayRepository.git'

则需要先pull
可以通过如下命令进行代码合并【注：pull=fetch+merge]
git pull --rebase origin master
此时再执行语句 git push -u origin master即可完成代码上传到github